// Jest Snapshot v1, https://goo.gl/fbAQLP

exports[`CartProductCard test Render check 1`] = `
<DocumentFragment>
  <div
    class="w-full"
  >
    <div
      class="Toastify"
    />
  </div>
</DocumentFragment>
`;
